// Jest Snapshot v1, https://goo.gl/fbAQLP

exports[`Loading renders successfully and matches snapshot 1`] = `
.emotion-0 {
  color: #0062B8;
  width: 50px;
  height: 50px;
}

<div
  className="MuiCircularProgress-root emotion-0 emotion-1 MuiCircularProgress-colorPrimary MuiCircularProgress-indeterminate"
  role="progressbar"
  style={
    Object {
      "height": 40,
      "width": 40,
    }
  }
>
  <svg
    className="MuiCircularProgress-svg"
    viewBox="22 22 44 44"
  >
    <circle
      className="MuiCircularProgress-circle MuiCircularProgress-circleIndeterminate"
      cx={44}
      cy={44}
      fill="none"
      r={20.2}
      strokeWidth={3.6}
      style={Object {}}
    />
  </svg>
</div>
`;
