// Jest Snapshot v1, https://goo.gl/fbAQLP

exports[`Loading renders successfully and matches snapshot 1`] = `
.emotion-0 {
  margin: 0;
  color: #000;
  font-family: Montserrat,sans-serif;
  letter-spacing: .075em;
  text-transform: capitalize;
}

<h4
  className="emotion-0 emotion-1"
/>
`;
